........................................................................ [ 59%]
..................................................                  [100%]
